// Jest Snapshot v1, https://goo.gl/fbAQLP

exports[`Today date Snapshot 1`] = `
<DocumentFragment>
  <p>
    Today is 
    <span>
      17
    </span>
     
    <span>
      August
    </span>
     
    <span>
      2020
    </span>
     
    <span>
      Monday
    </span>
  </p>
</DocumentFragment>
`;
