// Jest Snapshot v1, https://goo.gl/fbAQLP

exports[`Weather list item Snapshot 1`] = `
<DocumentFragment>
  <p>
    Friday
  </p>
  <p>
    14 August
  </p>
  <p>
    <img
      alt="weather"
      height="100"
      src="https://openweathermap.org/img/wn/04n@2x.png"
      width="100"
    />
  </p>
  <p>
    -249°C
  </p>
  <p>
    -259°C
  </p>
  <p>
    Clouds
  </p>
</DocumentFragment>
`;
